[2026-01-13 03:12:56] local.ERROR: Class "PaymentAccountController" does not exist {"exception":"[object] (ReflectionException(code: -1): Class \"PaymentAccountController\" does not exist at /home/audaz.site/public_html/vendor/laravel/framework/src/Illuminate/Foundation/Console/RouteListCommand.php:234)
[stacktrace]
#0 /home/audaz.site/public_html/vendor/laravel/framework/src/Illuminate/Foundation/Console/RouteListCommand.php(234): ReflectionClass->__construct()
#1 /home/audaz.site/public_html/vendor/laravel/framework/src/Illuminate/Foundation/Console/RouteListCommand.php(156): Illuminate\\Foundation\\Console\\RouteListCommand->isVendorRoute()
#2 /home/audaz.site/public_html/vendor/laravel/framework/src/Illuminate/Foundation/Console/RouteListCommand.php(125): Illuminate\\Foundation\\Console\\RouteListCommand->getRouteInformation()
#3 [internal function]: Illuminate\\Foundation\\Console\\RouteListCommand->Illuminate\\Foundation\\Console\\{closure}()
#4 /home/audaz.site/public_html/vendor/laravel/framework/src/Illuminate/Collections/Arr.php(560): array_map()
#5 /home/audaz.site/public_html/vendor/laravel/framework/src/Illuminate/Collections/Collection.php(768): Illuminate\\Support\\Arr::map()
#6 /home/audaz.site/public_html/vendor/laravel/framework/src/Illuminate/Foundation/Console/RouteListCommand.php(124): Illuminate\\Support\\Collection->map()
#7 /home/audaz.site/public_html/vendor/laravel/framework/src/Illuminate/Foundation/Console/RouteListCommand.php(110): Illuminate\\Foundation\\Console\\RouteListCommand->getRoutes()
#8 /home/audaz.site/public_html/vendor/laravel/framework/src/Illuminate/Container/BoundMethod.php(36): Illuminate\\Foundation\\Console\\RouteListCommand->handle()
#9 /home/audaz.site/public_html/vendor/laravel/framework/src/Illuminate/Container/Util.php(41): Illuminate\\Container\\BoundMethod::Illuminate\\Container\\{closure}()
#10 /home/audaz.site/public_html/vendor/laravel/framework/src/Illuminate/Container/BoundMethod.php(93): Illuminate\\Container\\Util::unwrapIfClosure()
#11 /home/audaz.site/public_html/vendor/laravel/framework/src/Illuminate/Container/BoundMethod.php(35): Illuminate\\Container\\BoundMethod::callBoundMethod()
#12 /home/audaz.site/public_html/vendor/laravel/framework/src/Illuminate/Container/Container.php(661): Illuminate\\Container\\BoundMethod::call()
#13 /home/audaz.site/public_html/vendor/laravel/framework/src/Illuminate/Console/Command.php(183): Illuminate\\Container\\Container->call()
#14 /home/audaz.site/public_html/vendor/symfony/console/Command/Command.php(326): Illuminate\\Console\\Command->execute()
#15 /home/audaz.site/public_html/vendor/laravel/framework/src/Illuminate/Console/Command.php(152): Symfony\\Component\\Console\\Command\\Command->run()
#16 /home/audaz.site/public_html/vendor/symfony/console/Application.php(1078): Illuminate\\Console\\Command->run()
#17 /home/audaz.site/public_html/vendor/symfony/console/Application.php(324): Symfony\\Component\\Console\\Application->doRunCommand()
#18 /home/audaz.site/public_html/vendor/symfony/console/Application.php(175): Symfony\\Component\\Console\\Application->doRun()
#19 /home/audaz.site/public_html/vendor/laravel/framework/src/Illuminate/Console/Application.php(102): Symfony\\Component\\Console\\Application->run()
#20 /home/audaz.site/public_html/vendor/laravel/framework/src/Illuminate/Foundation/Console/Kernel.php(155): Illuminate\\Console\\Application->run()
#21 /home/audaz.site/public_html/artisan(35): Illuminate\\Foundation\\Console\\Kernel->handle()
#22 {main}
"} 
